// Jest Snapshot v1, https://goo.gl/fbAQLP

exports[`<CustomButton /> CustomButton component matches snapshot 1`] = `
<View
  accessible={true}
  collapsable={false}
  focusable={true}
  onClick={[Function]}
  onResponderGrant={[Function]}
  onResponderMove={[Function]}
  onResponderRelease={[Function]}
  onResponderTerminate={[Function]}
  onResponderTerminationRequest={[Function]}
  onStartShouldSetResponder={[Function]}
  style={
    Object {
      "backgroundColor": "#007bff",
      "borderBottomLeftRadius": 5,
      "borderBottomRightRadius": 5,
      "borderTopLeftRadius": 5,
      "borderTopRightRadius": 5,
      "opacity": 1,
      "paddingBottom": 10,
      "paddingLeft": 20,
      "paddingRight": 20,
      "paddingTop": 10,
    }
  }
>
  <Text
    style={
      Object {
        "color": "#FFFFFF",
        "fontSize": 16,
        "textAlign": "center",
      }
    }
  >
    Test Button
  </Text>
</View>
`;
